Archive member included to satisfy reference by file (symbol)

/usr/lib/gcc/arm-none-eabi/14.2.0/../../../../arm-none-eabi/lib/thumb/v7e-m+fp/hard/libc_nano.a(libc_a-atexit.o)
                              /usr/lib/gcc/arm-none-eabi/14.2.0/../../../../arm-none-eabi/lib/thumb/v7e-m+fp/hard/crt0.o (atexit)
/usr/lib/gcc/arm-none-eabi/14.2.0/../../../../arm-none-eabi/lib/thumb/v7e-m+fp/hard/libc_nano.a(libc_a-exit.o)
                              /usr/lib/gcc/arm-none-eabi/14.2.0/../../../../arm-none-eabi/lib/thumb/v7e-m+fp/hard/crt0.o (exit)
/usr/lib/gcc/arm-none-eabi/14.2.0/../../../../arm-none-eabi/lib/thumb/v7e-m+fp/hard/libc_nano.a(libc_a-findfp.o)
                              /usr/lib/gcc/arm-none-eabi/14.2.0/../../../../arm-none-eabi/lib/thumb/v7e-m+fp/hard/libc_nano.a(libc_a-exit.o) (__stdio_exit_handler)
/usr/lib/gcc/arm-none-eabi/14.2.0/../../../../arm-none-eabi/lib/thumb/v7e-m+fp/hard/libc_nano.a(libc_a-fwalk.o)
                              /usr/lib/gcc/arm-none-eabi/14.2.0/../../../../arm-none-eabi/lib/thumb/v7e-m+fp/hard/libc_nano.a(libc_a-findfp.o) (_fwalk_sglue)
/usr/lib/gcc/arm-none-eabi/14.2.0/../../../../arm-none-eabi/lib/thumb/v7e-m+fp/hard/libc_nano.a(libc_a-stdio.o)
                              /usr/lib/gcc/arm-none-eabi/14.2.0/../../../../arm-none-eabi/lib/thumb/v7e-m+fp/hard/libc_nano.a(libc_a-findfp.o) (__sread)
/usr/lib/gcc/arm-none-eabi/14.2.0/../../../../arm-none-eabi/lib/thumb/v7e-m+fp/hard/libc_nano.a(libc_a-memset.o)
                              /usr/lib/gcc/arm-none-eabi/14.2.0/../../../../arm-none-eabi/lib/thumb/v7e-m+fp/hard/crt0.o (memset)
/usr/lib/gcc/arm-none-eabi/14.2.0/../../../../arm-none-eabi/lib/thumb/v7e-m+fp/hard/libc_nano.a(libc_a-closer.o)
                              /usr/lib/gcc/arm-none-eabi/14.2.0/../../../../arm-none-eabi/lib/thumb/v7e-m+fp/hard/libc_nano.a(libc_a-stdio.o) (_close_r)
/usr/lib/gcc/arm-none-eabi/14.2.0/../../../../arm-none-eabi/lib/thumb/v7e-m+fp/hard/libc_nano.a(libc_a-reent.o)
                              /usr/lib/gcc/arm-none-eabi/14.2.0/../../../../arm-none-eabi/lib/thumb/v7e-m+fp/hard/libc_nano.a(libc_a-closer.o) (errno)
/usr/lib/gcc/arm-none-eabi/14.2.0/../../../../arm-none-eabi/lib/thumb/v7e-m+fp/hard/libc_nano.a(libc_a-impure.o)
                              /usr/lib/gcc/arm-none-eabi/14.2.0/../../../../arm-none-eabi/lib/thumb/v7e-m+fp/hard/libc_nano.a(libc_a-reent.o) (_impure_ptr)
/usr/lib/gcc/arm-none-eabi/14.2.0/../../../../arm-none-eabi/lib/thumb/v7e-m+fp/hard/libc_nano.a(libc_a-lseekr.o)
                              /usr/lib/gcc/arm-none-eabi/14.2.0/../../../../arm-none-eabi/lib/thumb/v7e-m+fp/hard/libc_nano.a(libc_a-stdio.o) (_lseek_r)
/usr/lib/gcc/arm-none-eabi/14.2.0/../../../../arm-none-eabi/lib/thumb/v7e-m+fp/hard/libc_nano.a(libc_a-readr.o)
                              /usr/lib/gcc/arm-none-eabi/14.2.0/../../../../arm-none-eabi/lib/thumb/v7e-m+fp/hard/libc_nano.a(libc_a-stdio.o) (_read_r)
/usr/lib/gcc/arm-none-eabi/14.2.0/../../../../arm-none-eabi/lib/thumb/v7e-m+fp/hard/libc_nano.a(libc_a-writer.o)
                              /usr/lib/gcc/arm-none-eabi/14.2.0/../../../../arm-none-eabi/lib/thumb/v7e-m+fp/hard/libc_nano.a(libc_a-stdio.o) (_write_r)
/usr/lib/gcc/arm-none-eabi/14.2.0/../../../../arm-none-eabi/lib/thumb/v7e-m+fp/hard/libc_nano.a(libc_a-init.o)
                              /usr/lib/gcc/arm-none-eabi/14.2.0/../../../../arm-none-eabi/lib/thumb/v7e-m+fp/hard/crt0.o (__libc_init_array)
/usr/lib/gcc/arm-none-eabi/14.2.0/../../../../arm-none-eabi/lib/thumb/v7e-m+fp/hard/libc_nano.a(libc_a-fini.o)
                              /usr/lib/gcc/arm-none-eabi/14.2.0/../../../../arm-none-eabi/lib/thumb/v7e-m+fp/hard/crt0.o (__libc_fini_array)
/usr/lib/gcc/arm-none-eabi/14.2.0/../../../../arm-none-eabi/lib/thumb/v7e-m+fp/hard/libc_nano.a(libc_a-lock.o)
                              /usr/lib/gcc/arm-none-eabi/14.2.0/../../../../arm-none-eabi/lib/thumb/v7e-m+fp/hard/libc_nano.a(libc_a-findfp.o) (__retarget_lock_init_recursive)
/usr/lib/gcc/arm-none-eabi/14.2.0/../../../../arm-none-eabi/lib/thumb/v7e-m+fp/hard/libc_nano.a(libc_a-__atexit.o)
                              /usr/lib/gcc/arm-none-eabi/14.2.0/../../../../arm-none-eabi/lib/thumb/v7e-m+fp/hard/libc_nano.a(libc_a-atexit.o) (__register_exitproc)
/usr/lib/gcc/arm-none-eabi/14.2.0/../../../../arm-none-eabi/lib/thumb/v7e-m+fp/hard/libc_nano.a(libc_a-__call_atexit.o)
                              /usr/lib/gcc/arm-none-eabi/14.2.0/../../../../arm-none-eabi/lib/thumb/v7e-m+fp/hard/libc_nano.a(libc_a-__atexit.o) (__call_exitprocs)
/usr/lib/gcc/arm-none-eabi/14.2.0/../../../../arm-none-eabi/lib/thumb/v7e-m+fp/hard/libc_nano.a(libc_a-freer.o)
                              /usr/lib/gcc/arm-none-eabi/14.2.0/../../../../arm-none-eabi/lib/thumb/v7e-m+fp/hard/libc_nano.a(libc_a-reent.o) (_free_r)
/usr/lib/gcc/arm-none-eabi/14.2.0/../../../../arm-none-eabi/lib/thumb/v7e-m+fp/hard/libc_nano.a(libc_a-mallocr.o)
[...]
Memory Configuration

Name             Origin             Length             Attributes
RAM              0x20000000         0x00020000         xrw
FLASH            0x08000000         0x00080000         xr
*default*        0x00000000         0xffffffff

Linker script and memory map

LOAD /usr/lib/gcc/arm-none-eabi/14.2.0/thumb/v7e-m+fp/hard/crti.o
LOAD /usr/lib/gcc/arm-none-eabi/14.2.0/thumb/v7e-m+fp/hard/crtbegin.o
LOAD /usr/lib/gcc/arm-none-eabi/14.2.0/../../../../arm-none-eabi/lib/thumb/v7e-m+fp/hard/crt0.o
START GROUP
LOAD /usr/lib/gcc/arm-none-eabi/14.2.0/../../../../arm-none-eabi/lib/thumb/v7e-m+fp/hard/libc_nano.a
LOAD /usr/lib/gcc/arm-none-eabi/14.2.0/../../../../arm-none-eabi/lib/thumb/v7e-m+fp/hard/libm.a
END GROUP
LOAD CMakeFiles/sokowirowka_st.dir/Core/Src/main.c.obj
LOAD CMakeFiles/sokowirowka_st.dir/Core/Src/gpio.c.obj
LOAD CMakeFiles/sokowirowka_st.dir/Core/Src/stm32f4xx_it.c.obj
LOAD CMakeFiles/sokowirowka_st.dir/Core/Src/stm32f4xx_hal_msp.c.obj
LOAD CMakeFiles/sokowirowka_st.dir/Drivers/STM32F4xx_HAL_Driver/Src/stm32f4xx_hal_rcc.c.obj
LOAD CMakeFiles/sokowirowka_st.dir/Drivers/STM32F4xx_HAL_Driver/Src/stm32f4xx_hal_rcc_ex.c.obj
LOAD CMakeFiles/sokowirowka_st.dir/Drivers/STM32F4xx_HAL_Driver/Src/stm32f4xx_hal_flash.c.obj
LOAD CMakeFiles/sokowirowka_st.dir/Drivers/STM32F4xx_HAL_Driver/Src/stm32f4xx_hal_flash_ex.c.obj
LOAD CMakeFiles/sokowirowka_st.dir/Drivers/STM32F4xx_HAL_Driver/Src/stm32f4xx_hal_flash_ramfunc.c.obj
LOAD CMakeFiles/sokowirowka_st.dir/Drivers/STM32F4xx_HAL_Driver/Src/stm32f4xx_hal_gpio.c.obj
LOAD CMakeFiles/sokowirowka_st.dir/Drivers/STM32F4xx_HAL_Driver/Src/stm32f4xx_hal_dma_ex.c.obj
LOAD CMakeFiles/sokowirowka_st.dir/Drivers/STM32F4xx_HAL_Driver/Src/stm32f4xx_hal_dma.c.obj
LOAD CMakeFiles/sokowirowka_st.dir/Drivers/STM32F4xx_HAL_Driver/Src/stm32f4xx_hal_pwr.c.obj
LOAD CMakeFiles/sokowirowka_st.dir/Drivers/STM32F4xx_HAL_Driver/Src/stm32f4xx_hal_pwr_ex.c.obj
LOAD CMakeFiles/sokowirowka_st.dir/Drivers/STM32F4xx_HAL_Driver/Src/stm32f4xx_hal_cortex.c.obj
LOAD CMakeFiles/sokowirowka_st.dir/Drivers/STM32F4xx_HAL_Driver/Src/stm32f4xx_hal.c.obj
LOAD CMakeFiles/sokowirowka_st.dir/Drivers/STM32F4xx_HAL_Driver/Src/stm32f4xx_hal_exti.c.obj
LOAD CMakeFiles/sokowirowka_st.dir/Core/Src/system_stm32f4xx.c.obj
LOAD CMakeFiles/sokowirowka_st.dir/Core/Src/sysmem.c.obj
LOAD CMakeFiles/sokowirowka_st.dir/Core/Src/syscalls.c.obj
LOAD CMakeFiles/sokowirowka_st.dir/startup_stm32f411xe.s.obj
START GROUP
LOAD /usr/lib/gcc/arm-none-eabi/14.2.0/thumb/v7e-m+fp/hard/libgcc.a
LOAD /usr/lib/gcc/arm-none-eabi/14.2.0/../../../../arm-none-eabi/lib/thumb/v7e-m+fp/hard/libg_nano.a
LOAD /usr/lib/gcc/arm-none-eabi/14.2.0/../../../../arm-none-eabi/lib/thumb/v7e-m+fp/hard/libc_nano.a
END GROUP
START GROUP
LOAD /usr/lib/gcc/arm-none-eabi/14.2.0/thumb/v7e-m+fp/hard/libgcc.a
LOAD /usr/lib/gcc/arm-none-eabi/14.2.0/../../../../arm-none-eabi/lib/thumb/v7e-m+fp/hard/libc_nano.a
END GROUP
LOAD /usr/lib/gcc/arm-none-eabi/14.2.0/thumb/v7e-m+fp/hard/crtend.o
LOAD /usr/lib/gcc/arm-none-eabi/14.2.0/thumb/v7e-m+fp/hard/crtn.o
                0x20020000                        _estack = (ORIGIN (RAM) + LENGTH (RAM))
                0x00000200                        _Min_Heap_Size = 0x200
                0x00000400                        _Min_Stack_Size = 0x400

.isr_vector     0x08000000      0x198
                0x08000000                        . = ALIGN (0x4)
 *(.isr_vector)
 .isr_vector    0x08000000      0x198 CMakeFiles/sokowirowka_st.dir/startup_stm32f411xe.s.obj
                0x08000000                g_pfnVectors
                0x08000198                        . = ALIGN (0x4)

.text           0x08000198     0x1624
                0x08000198                        . = ALIGN (0x4)
 *(.text)
 .text          0x08000198       0x30 /usr/lib/gcc/arm-none-eabi/14.2.0/thumb/v7e-m+fp/hard/libgcc.a(_aeabi_uldivmod.o)
                0x08000198                __aeabi_uldivmod
 .text          0x080001c8        0x4 /usr/lib/gcc/arm-none-eabi/14.2.0/thumb/v7e-m+fp/hard/libgcc.a(_dvmd_tls.o)
                0x080001c8                __aeabi_ldiv0
                0x080001c8                __aeabi_idiv0
 *(.text*)
 .text.__do_global_dtors_aux
                0x080001cc       0x24 /usr/lib/gcc/arm-none-eabi/14.2.0/thumb/v7e-m+fp/hard/crtbegin.o
 .text.frame_dummy
                0x080001f0       0x1c /usr/lib/gcc/arm-none-eabi/14.2.0/thumb/v7e-m+fp/hard/crtbegin.o
 .text.memset   0x0800020c       0x10 /usr/lib/gcc/arm-none-eabi/14.2.0/../../../../arm-none-eabi/lib/thumb/v7e-m+fp/hard/libc_nano.a(libc_a-memset.o)
                0x0800020c                memset
 .text.__libc_init_array
                0x0800021c       0x48 /usr/lib/gcc/arm-none-eabi/14.2.0/../../../../arm-none-eabi/lib/thumb/v7e-m+fp/hard/libc_nano.a(libc_a-init.o)
                0x0800021c                __libc_init_array
 .text.HAL_GPIO_EXTI_Callback
                0x08000264       0x6c CMakeFiles/sokowirowka_st.dir/Core/Src/main.c.obj
                0x08000264                HAL_GPIO_EXTI_Callback
 .text.main     0x080002d0       0x78 CMakeFiles/sokowirowka_st.dir/Core/Src/main.c.obj
                0x080002d0                main
 .text.SystemClock_Config
                0x08000348       0xbc CMakeFiles/sokowirowka_st.dir/Core/Src/main.c.obj
                0x08000348                SystemClock_Config
 .text.Error_Handler
                0x08000404        0xc CMakeFiles/sokowirowka_st.dir/Core/Src/main.c.obj
                0x08000404                Error_Handler
 .text.MX_GPIO_Init
                0x08000410       0xb8 CMakeFiles/sokowirowka_st.dir/Core/Src/gpio.c.obj
                0x08000410                MX_GPIO_Init
 .text.NMI_Handler
                0x080004c8        0x8 CMakeFiles/sokowirowka_st.dir/Core/Src/stm32f4xx_it.c.obj
                0x080004c8                NMI_Handler
 .text.HardFault_Handler
                0x080004d0        0x8 CMakeFiles/sokowirowka_st.dir/Core/Src/stm32f4xx_it.c.obj
                0x080004d0                HardFault_Handler
 .text.MemManage_Handler
                0x080004d8        0x8 CMakeFiles/sokowirowka_st.dir/Core/Src/stm32f4xx_it.c.obj
                0x080004d8                MemManage_Handler
 .text.BusFault_Handler
                0x080004e0        0x8 CMakeFiles/sokowirowka_st.dir/Core/Src/stm32f4xx_it.c.obj
                0x080004e0                BusFault_Handler
 .text.UsageFault_Handler
                0x080004e8        0x8 CMakeFiles/sokowirowka_st.dir/Core/Src/stm32f4xx_it.c.obj
                0x080004e8                UsageFault_Handler
 .text.SVC_Handler
                0x080004f0        0xe CMakeFiles/sokowirowka_st.dir/Core/Src/stm32f4xx_it.c.obj
                0x080004f0                SVC_Handler
 .text.DebugMon_Handler
                0x080004fe        0xe CMakeFiles/sokowirowka_st.dir/Core/Src/stm32f4xx_it.c.obj
                0x080004fe                DebugMon_Handler
 .text.PendSV_Handler
                0x0800050c        0xe CMakeFiles/sokowirowka_st.dir/Core/Src/stm32f4xx_it.c.obj
                0x0800050c                PendSV_Handler
 .text.SysTick_Handler
                0x0800051a        0xc CMakeFiles/sokowirowka_st.dir/Core/Src/stm32f4xx_it.c.obj
                0x0800051a                SysTick_Handler
 .text.EXTI9_5_IRQHandler
                0x08000526       0x10 CMakeFiles/sokowirowka_st.dir/Core/Src/stm32f4xx_it.c.obj
                0x08000526                EXTI9_5_IRQHandler
 *fill*         0x08000536        0x2 
 .text.HAL_MspInit
                0x08000538       0x50 CMakeFiles/sokowirowka_st.dir/Core/Src/stm32f4xx_hal_msp.c.obj
                0x08000538                HAL_MspInit
 .text.HAL_RCC_OscConfig
                0x08000588      0x4f0 CMakeFiles/sokowirowka_st.dir/Drivers/STM32F4xx_HAL_Driver/Src/stm32f4xx_hal_rcc.c.obj
                0x08000588                HAL_RCC_OscConfig
 .text.HAL_RCC_ClockConfig
                0x08000a78      0x1cc CMakeFiles/sokowirowka_st.dir/Drivers/STM32F4xx_HAL_Driver/Src/stm32f4xx_hal_rcc.c.obj
                0x08000a78                HAL_RCC_ClockConfig
 .text.HAL_RCC_GetSysClockFreq
                0x08000c44      0x188 CMakeFiles/sokowirowka_st.dir/Drivers/STM32F4xx_HAL_Driver/Src/stm32f4xx_hal_rcc.c.obj
                0x08000c44                HAL_RCC_GetSysClockFreq
 .text.HAL_GPIO_Init
                0x08000dcc      0x308 CMakeFiles/sokowirowka_st.dir/Drivers/STM32F4xx_HAL_Driver/Src/stm32f4xx_hal_gpio.c.obj
                0x08000dcc                HAL_GPIO_Init
 .text.HAL_GPIO_ReadPin
                0x080010d4       0x30 CMakeFiles/sokowirowka_st.dir/Drivers/STM32F4xx_HAL_Driver/Src/stm32f4xx_hal_gpio.c.obj
                0x080010d4                HAL_GPIO_ReadPin
 .text.HAL_GPIO_WritePin
                0x08001104       0x32 CMakeFiles/sokowirowka_st.dir/Drivers/STM32F4xx_HAL_Driver/Src/stm32f4xx_hal_gpio.c.obj
                0x08001104                HAL_GPIO_WritePin
 *fill*         0x08001136        0x2 
 .text.HAL_GPIO_EXTI_IRQHandler
                0x08001138       0x30 CMakeFiles/sokowirowka_st.dir/Drivers/STM32F4xx_HAL_Driver/Src/stm32f4xx_hal_gpio.c.obj
                0x08001138                HAL_GPIO_EXTI_IRQHandler
 .text.__NVIC_SetPriorityGrouping
                0x08001168       0x48 CMakeFiles/sokowirowka_st.dir/Drivers/STM32F4xx_HAL_Driver/Src/stm32f4xx_hal_cortex.c.obj
 .text.__NVIC_GetPriorityGrouping
                0x080011b0       0x1c CMakeFiles/sokowirowka_st.dir/Drivers/STM32F4xx_HAL_Driver/Src/stm32f4xx_hal_cortex.c.obj
 .text.__NVIC_EnableIRQ
                0x080011cc       0x3c CMakeFiles/sokowirowka_st.dir/Drivers/STM32F4xx_HAL_Driver/Src/stm32f4xx_hal_cortex.c.obj
 .text.__NVIC_SetPriority
                0x08001208       0x54 CMakeFiles/sokowirowka_st.dir/Drivers/STM32F4xx_HAL_Driver/Src/stm32f4xx_hal_cortex.c.obj
 .text.NVIC_EncodePriority
                0x0800125c       0x66 CMakeFiles/sokowirowka_st.dir/Drivers/STM32F4xx_HAL_Driver/Src/stm32f4xx_hal_cortex.c.obj
 *fill*         0x080012c2        0x2 
 .text.SysTick_Config
                0x080012c4       0x44 CMakeFiles/sokowirowka_st.dir/Drivers/STM32F4xx_HAL_Driver/Src/stm32f4xx_hal_cortex.c.obj
 .text.HAL_NVIC_SetPriorityGrouping
                0x08001308       0x16 CMakeFiles/sokowirowka_st.dir/Drivers/STM32F4xx_HAL_Driver/Src/stm32f4xx_hal_cortex.c.obj
                0x08001308                HAL_NVIC_SetPriorityGrouping
 .text.HAL_NVIC_SetPriority
                0x0800131e       0x38 CMakeFiles/sokowirowka_st.dir/Drivers/STM32F4xx_HAL_Driver/Src/stm32f4xx_hal_cortex.c.obj
                0x0800131e                HAL_NVIC_SetPriority
 .text.HAL_NVIC_EnableIRQ
                0x08001356       0x1c CMakeFiles/sokowirowka_st.dir/Drivers/STM32F4xx_HAL_Driver/Src/stm32f4xx_hal_cortex.c.obj
                0x08001356                HAL_NVIC_EnableIRQ
 .text.HAL_SYSTICK_Config
                0x08001372       0x18 CMakeFiles/sokowirowka_st.dir/Drivers/STM32F4xx_HAL_Driver/Src/stm32f4xx_hal_cortex.c.obj
                0x08001372                HAL_SYSTICK_Config
 *fill*         0x0800138a        0x2 
 .text.HAL_Init
                0x0800138c       0x44 CMakeFiles/sokowirowka_st.dir/Drivers/STM32F4xx_HAL_Driver/Src/stm32f4xx_hal.c.obj
                0x0800138c                HAL_Init
 .text.HAL_InitTick
                0x080013d0       0x60 CMakeFiles/sokowirowka_st.dir/Drivers/STM32F4xx_HAL_Driver/Src/stm32f4xx_hal.c.obj
                0x080013d0                HAL_InitTick
 .text.HAL_IncTick
                0x08001430       0x28 CMakeFiles/sokowirowka_st.dir/Drivers/STM32F4xx_HAL_Driver/Src/stm32f4xx_hal.c.obj
                0x08001430                HAL_IncTick
 .text.HAL_GetTick
                0x08001458       0x18 CMakeFiles/sokowirowka_st.dir/Drivers/STM32F4xx_HAL_Driver/Src/stm32f4xx_hal.c.obj
                0x08001458                HAL_GetTick
 .text.SystemInit
                0x08001470       0x24 CMakeFiles/sokowirowka_st.dir/Core/Src/system_stm32f4xx.c.obj
                0x08001470                SystemInit
 .text.Reset_Handler
                0x08001494       0x50 CMakeFiles/sokowirowka_st.dir/startup_stm32f411xe.s.obj
                0x08001494                Reset_Handler
 .text.Default_Handler
                0x080014e4        0x2 CMakeFiles/sokowirowka_st.dir/startup_stm32f411xe.s.obj
                0x080014e4                RTC_Alarm_IRQHandler
                0x080014e4                EXTI2_IRQHandler
                0x080014e4                SPI4_IRQHandler
                0x080014e4                TIM1_CC_IRQHandler
                0x080014e4                DMA2_Stream5_IRQHandler
                0x080014e4                DMA1_Stream5_IRQHandler
                0x080014e4                PVD_IRQHandler
                0x080014e4                SDIO_IRQHandler
                0x080014e4                TAMP_STAMP_IRQHandler
                0x080014e4                EXTI3_IRQHandler
                0x080014e4                TIM1_UP_TIM10_IRQHandler
                0x080014e4                I2C3_ER_IRQHandler
                0x080014e4                EXTI0_IRQHandler
                0x080014e4                I2C2_EV_IRQHandler
                0x080014e4                DMA1_Stream2_IRQHandler
                0x080014e4                FPU_IRQHandler
                0x080014e4                DMA2_Stream2_IRQHandler
                0x080014e4                SPI1_IRQHandler
                0x080014e4                TIM1_BRK_TIM9_IRQHandler
                0x080014e4                DMA2_Stream3_IRQHandler
                0x080014e4                USART6_IRQHandler
                0x080014e4                DMA2_Stream0_IRQHandler
                0x080014e4                TIM4_IRQHandler
                0x080014e4                I2C1_EV_IRQHandler
                0x080014e4                DMA1_Stream6_IRQHandler
                0x080014e4                DMA1_Stream1_IRQHandler
                0x080014e4                TIM3_IRQHandler
                0x080014e4                RCC_IRQHandler
                0x080014e4                Default_Handler
                0x080014e4                EXTI15_10_IRQHandler
                0x080014e4                ADC_IRQHandler
                0x080014e4                DMA1_Stream7_IRQHandler
                0x080014e4                SPI5_IRQHandler
                0x080014e4                TIM5_IRQHandler
                0x080014e4                DMA2_Stream7_IRQHandler
                0x080014e4                I2C3_EV_IRQHandler
                0x080014e4                RTC_WKUP_IRQHandler
                0x080014e4                SPI2_IRQHandler
                0x080014e4                DMA1_Stream0_IRQHandler
                0x080014e4                EXTI4_IRQHandler
                0x080014e4                WWDG_IRQHandler
                0x080014e4                TIM2_IRQHandler
                0x080014e4                OTG_FS_WKUP_IRQHandler
                0x080014e4                TIM1_TRG_COM_TIM11_IRQHandler
                0x080014e4                EXTI1_IRQHandler
                0x080014e4                USART2_IRQHandler
                0x080014e4                I2C2_ER_IRQHandler
                0x080014e4                DMA2_Stream1_IRQHandler
                0x080014e4                FLASH_IRQHandler
                0x080014e4                DMA2_Stream4_IRQHandler
                0x080014e4                USART1_IRQHandler
                0x080014e4                OTG_FS_IRQHandler
                0x080014e4                SPI3_IRQHandler
                0x080014e4                DMA1_Stream4_IRQHandler
                0x080014e4                I2C1_ER_IRQHandler
                0x080014e4                DMA2_Stream6_IRQHandler
                0x080014e4                DMA1_Stream3_IRQHandler
 .text.__udivmoddi4
                0x080014e6      0x2bc /usr/lib/gcc/arm-none-eabi/14.2.0/thumb/v7e-m+fp/hard/libgcc.a(_udivmoddi4.o)
                0x080014e6                __udivmoddi4
 *(.glue_7)
 .glue_7        0x080017a2        0x0 linker stubs
 *(.glue_7t)
 .glue_7t       0x080017a2        0x0 linker stubs
 *(.eh_frame)
 *fill*         0x080017a2        0x2 
 .eh_frame      0x080017a4        0x0 /usr/lib/gcc/arm-none-eabi/14.2.0/thumb/v7e-m+fp/hard/crtbegin.o
 *(.init)
 .init          0x080017a4        0x4 /usr/lib/gcc/arm-none-eabi/14.2.0/thumb/v7e-m+fp/hard/crti.o
                0x080017a4                _init
 .init          0x080017a8        0x8 /usr/lib/gcc/arm-none-eabi/14.2.0/thumb/v7e-m+fp/hard/crtn.o
 *(.fini)
 .fini          0x080017b0        0x4 /usr/lib/gcc/arm-none-eabi/14.2.0/thumb/v7e-m+fp/hard/crti.o
                0x080017b0                _fini
 .fini          0x080017b4        0x8 /usr/lib/gcc/arm-none-eabi/14.2.0/thumb/v7e-m+fp/hard/crtn.o
                0x080017bc                        . = ALIGN (0x4)
                0x080017bc                        _etext = .

.vfp11_veneer   0x080017bc        0x0
 .vfp11_veneer  0x080017bc        0x0 linker stubs

.v4_bx          0x080017bc        0x0
 .v4_bx         0x080017bc        0x0 linker stubs

.iplt           0x080017bc        0x0
 .iplt          0x080017bc        0x0 /usr/lib/gcc/arm-none-eabi/14.2.0/thumb/v7e-m+fp/hard/crtbegin.o

.rodata         0x080017bc       0x10
                0x080017bc                        . = ALIGN (0x4)
 *(.rodata)
 *(.rodata*)
 .rodata.AHBPrescTable
                0x080017bc       0x10 CMakeFiles/sokowirowka_st.dir/Core/Src/system_stm32f4xx.c.obj
                0x080017bc                AHBPrescTable
                0x080017cc                        . = ALIGN (0x4)

.ARM.extab
 *(.ARM.extab* .gnu.linkonce.armextab.*)

.ARM            0x080017cc        0x8
                0x080017cc                        __exidx_start = .
 *(.ARM.exidx*)
 .ARM.exidx.text.__udivmoddi4
                0x080017cc        0x8 /usr/lib/gcc/arm-none-eabi/14.2.0/thumb/v7e-m+fp/hard/libgcc.a(_udivmoddi4.o)
                0x080017d4                        __exidx_end = .

.rel.dyn        0x080017d4        0x0
 .rel.iplt      0x080017d4        0x0 /usr/lib/gcc/arm-none-eabi/14.2.0/thumb/v7e-m+fp/hard/crtbegin.o

.preinit_array  0x080017d4        0x0
                0x080017d4                        PROVIDE (__preinit_array_start = .)
 *(.preinit_array*)
                0x080017d4                        PROVIDE (__preinit_array_end = .)

.init_array     0x080017d4        0x4
                0x080017d4                        PROVIDE (__init_array_start = .)
 *(SORT_BY_NAME(.init_array.*))
 *(.init_array*)
 .init_array    0x080017d4        0x4 /usr/lib/gcc/arm-none-eabi/14.2.0/thumb/v7e-m+fp/hard/crtbegin.o
                0x080017d8                        PROVIDE (__init_array_end = .)

.fini_array     0x080017d8        0x4
                0x080017d8                        PROVIDE (__fini_array_start = .)
 *(SORT_BY_NAME(.fini_array.*))
 *(.fini_array*)
 .fini_array    0x080017d8        0x4 /usr/lib/gcc/arm-none-eabi/14.2.0/thumb/v7e-m+fp/hard/crtbegin.o
                0x080017dc                        PROVIDE (__fini_array_end = .)
                0x080017dc                        _sidata = LOADADDR (.data)

.data           0x20000000        0xc load address 0x080017dc
                0x20000000                        . = ALIGN (0x4)
                0x20000000                        _sdata = .
 *(.data)
 *(.data*)
 .data.uwTickPrio
                0x20000000        0x4 CMakeFiles/sokowirowka_st.dir/Drivers/STM32F4xx_HAL_Driver/Src/stm32f4xx_hal.c.obj
                0x20000000                uwTickPrio
 .data.uwTickFreq
                0x20000004        0x1 CMakeFiles/sokowirowka_st.dir/Drivers/STM32F4xx_HAL_Driver/Src/stm32f4xx_hal.c.obj
                0x20000004                uwTickFreq
 *fill*         0x20000005        0x3 
 .data.SystemCoreClock
                0x20000008        0x4 CMakeFiles/sokowirowka_st.dir/Core/Src/system_stm32f4xx.c.obj
                0x20000008                SystemCoreClock
                0x2000000c                        . = ALIGN (0x4)
                0x2000000c                        _edata = .

.igot.plt       0x2000000c        0x0 load address 0x080017e8
 .igot.plt      0x2000000c        0x0 /usr/lib/gcc/arm-none-eabi/14.2.0/thumb/v7e-m+fp/hard/crtbegin.o
                0x2000000c                        . = ALIGN (0x4)

.bss            0x2000000c       0x28 load address 0x080017e8
                0x2000000c                        _sbss = .
                0x2000000c                        __bss_start__ = _sbss
 *(.bss)
 *(.bss*)
 .bss.completed.1
                0x2000000c        0x1 /usr/lib/gcc/arm-none-eabi/14.2.0/thumb/v7e-m+fp/hard/crtbegin.o
 *fill*         0x2000000d        0x3 
 .bss.object.0  0x20000010       0x18 /usr/lib/gcc/arm-none-eabi/14.2.0/thumb/v7e-m+fp/hard/crtbegin.o
 .bss.mugStartTime
                0x20000028        0x4 CMakeFiles/sokowirowka_st.dir/Core/Src/main.c.obj
                0x20000028                mugStartTime
 .bss.mugDetected
                0x2000002c        0x1 CMakeFiles/sokowirowka_st.dir/Core/Src/main.c.obj
                0x2000002c                mugDetected
 *fill*         0x2000002d        0x3 
 .bss.uwTick    0x20000030        0x4 CMakeFiles/sokowirowka_st.dir/Drivers/STM32F4xx_HAL_Driver/Src/stm32f4xx_hal.c.obj
                0x20000030                uwTick
 *(COMMON)
                0x20000034                        . = ALIGN (0x4)
                0x20000034                        _ebss = .
                0x20000034                        __bss_end__ = _ebss

._user_heap_stack
                0x20000034      0x604 load address 0x080017e8
                0x20000038                        . = ALIGN (0x8)
 *fill*         0x20000034        0x4 
                [!provide]                        PROVIDE (end = .)
                0x20000038                        PROVIDE (_end = .)
                0x20000238                        . = (. + _Min_Heap_Size)
 *fill*         0x20000038      0x200 
                0x20000638                        . = (. + _Min_Stack_Size)
 *fill*         0x20000238      0x400 
                0x20000638                        . = ALIGN (0x8)

/DISCARD/
 libc.a(*)
 libm.a(*)
 libgcc.a(*)
OUTPUT(sokowirowka_st.elf elf32-littlearm)
LOAD linker stubs
LOAD /usr/lib/gcc/arm-none-eabi/14.2.0/../../../../arm-none-eabi/lib/thumb/v7e-m+fp/hard/libc.a
LOAD /usr/lib/gcc/arm-none-eabi/14.2.0/../../../../arm-none-eabi/lib/thumb/v7e-m+fp/hard/libm.a
LOAD /usr/lib/gcc/arm-none-eabi/14.2.0/thumb/v7e-m+fp/hard/libgcc.a

.ARM.attributes
                0x00000000       0x30
 .ARM.attributes
                0x00000000       0x22 /usr/lib/gcc/arm-none-eabi/14.2.0/thumb/v7e-m+fp/hard/crti.o
 .ARM.attributes
                0x00000022       0x34 /usr/lib/gcc/arm-none-eabi/14.2.0/thumb/v7e-m+fp/hard/crtbegin.o
 .ARM.attributes
                0x00000056       0x34 /usr/lib/gcc/arm-none-eabi/14.2.0/../../../../arm-none-eabi/lib/thumb/v7e-m+fp/hard/libc_nano.a(libc_a-memset.o)
 .ARM.attributes
                0x0000008a       0x34 /usr/lib/gcc/arm-none-eabi/14.2.0/../../../../arm-none-eabi/lib/thumb/v7e-m+fp/hard/libc_nano.a(libc_a-init.o)
 .ARM.attributes
                0x000000be       0x34 CMakeFiles/sokowirowka_st.dir/Core/Src/main.c.obj
 .ARM.attributes
                0x000000f2       0x34 CMakeFiles/sokowirowka_st.dir/Core/Src/gpio.c.obj
 .ARM.attributes
                0x00000126       0x34 CMakeFiles/sokowirowka_st.dir/Core/Src/stm32f4xx_it.c.obj
 .ARM.attributes
                0x0000015a       0x34 CMakeFiles/sokowirowka_st.dir/Core/Src/stm32f4xx_hal_msp.c.obj
 .ARM.attributes
                0x0000018e       0x34 CMakeFiles/sokowirowka_st.dir/Drivers/STM32F4xx_HAL_Driver/Src/stm32f4xx_hal_rcc.c.obj
 .ARM.attributes
                0x000001c2       0x34 CMakeFiles/sokowirowka_st.dir/Drivers/STM32F4xx_HAL_Driver/Src/stm32f4xx_hal_gpio.c.obj
 .ARM.attributes
                0x000001f6       0x34 CMakeFiles/sokowirowka_st.dir/Drivers/STM32F4xx_HAL_Driver/Src/stm32f4xx_hal_cortex.c.obj
 .ARM.attributes
                0x0000022a       0x34 CMakeFiles/sokowirowka_st.dir/Drivers/STM32F4xx_HAL_Driver/Src/stm32f4xx_hal.c.obj
 .ARM.attributes
                0x0000025e       0x34 CMakeFiles/sokowirowka_st.dir/Core/Src/system_stm32f4xx.c.obj
 .ARM.attributes
                0x00000292       0x21 CMakeFiles/sokowirowka_st.dir/startup_stm32f411xe.s.obj
 .ARM.attributes
                0x000002b3       0x22 /usr/lib/gcc/arm-none-eabi/14.2.0/thumb/v7e-m+fp/hard/libgcc.a(_aeabi_uldivmod.o)
 .ARM.attributes
                0x000002d5       0x34 /usr/lib/gcc/arm-none-eabi/14.2.0/thumb/v7e-m+fp/hard/libgcc.a(_udivmoddi4.o)
 .ARM.attributes
                0x00000309       0x22 /usr/lib/gcc/arm-none-eabi/14.2.0/thumb/v7e-m+fp/hard/libgcc.a(_dvmd_tls.o)
 .ARM.attributes
                0x0000032b       0x22 /usr/lib/gcc/arm-none-eabi/14.2.0/thumb/v7e-m+fp/hard/crtn.o

.comment        0x00000000       0x1e
 .comment       0x00000000       0x1e /usr/lib/gcc/arm-none-eabi/14.2.0/../../../../arm-none-eabi/lib/thumb/v7e-m+fp/hard/libc_nano.a(libc_a-memset.o)
                                 0x1f (size before relaxing)
 .comment       0x0000001e       0x1f /usr/lib/gcc/arm-none-eabi/14.2.0/../../../../arm-none-eabi/lib/thumb/v7e-m+fp/hard/libc_nano.a(libc_a-init.o)
 .comment       0x0000001e       0x1f CMakeFiles/sokowirowka_st.dir/Core/Src/main.c.obj
 .comment       0x0000001e       0x1f CMakeFiles/sokowirowka_st.dir/Core/Src/gpio.c.obj
 .comment       0x0000001e       0x1f CMakeFiles/sokowirowka_st.dir/Core/Src/stm32f4xx_it.c.obj
 .comment       0x0000001e       0x1f CMakeFiles/sokowirowka_st.dir/Core/Src/stm32f4xx_hal_msp.c.obj
 .comment       0x0000001e       0x1f CMakeFiles/sokowirowka_st.dir/Drivers/STM32F4xx_HAL_Driver/Src/stm32f4xx_hal_rcc.c.obj
 .comment       0x0000001e       0x1f CMakeFiles/sokowirowka_st.dir/Drivers/STM32F4xx_HAL_Driver/Src/stm32f4xx_hal_gpio.c.obj
 .comment       0x0000001e       0x1f CMakeFiles/sokowirowka_st.dir/Drivers/STM32F4xx_HAL_Driver/Src/stm32f4xx_hal_cortex.c.obj
 .comment       0x0000001e       0x1f CMakeFiles/sokowirowka_st.dir/Drivers/STM32F4xx_HAL_Driver/Src/stm32f4xx_hal.c.obj
 .comment       0x0000001e       0x1f CMakeFiles/sokowirowka_st.dir/Core/Src/system_stm32f4xx.c.obj
 .comment       0x0000001e       0x1f /usr/lib/gcc/arm-none-eabi/14.2.0/thumb/v7e-m+fp/hard/libgcc.a(_udivmoddi4.o)

.debug_info     0x00000000     0x446e
 .debug_info    0x00000000       0xe0 /usr/lib/gcc/arm-none-eabi/14.2.0/../../../../arm-none-eabi/lib/thumb/v7e-m+fp/hard/libc_nano.a(libc_a-memset.o)
 .debug_info    0x000000e0      0x10b /usr/lib/gcc/arm-none-eabi/14.2.0/../../../../arm-none-eabi/lib/thumb/v7e-m+fp/hard/libc_nano.a(libc_a-init.o)
 .debug_info    0x000001eb      0x656 CMakeFiles/sokowirowka_st.dir/Core/Src/main.c.obj
 .debug_info    0x00000841      0x5c4 CMakeFiles/sokowirowka_st.dir/Core/Src/gpio.c.obj
 .debug_info    0x00000e05      0x14a CMakeFiles/sokowirowka_st.dir/Core/Src/stm32f4xx_it.c.obj
 .debug_info    0x00000f4f      0x291 CMakeFiles/sokowirowka_st.dir/Core/Src/stm32f4xx_hal_msp.c.obj
 .debug_info    0x000011e0      0x904 CMakeFiles/sokowirowka_st.dir/Drivers/STM32F4xx_HAL_Driver/Src/stm32f4xx_hal_rcc.c.obj
 .debug_info    0x00001ae4      0x6f9 CMakeFiles/sokowirowka_st.dir/Drivers/STM32F4xx_HAL_Driver/Src/stm32f4xx_hal_gpio.c.obj
 .debug_info    0x000021dd      0xcfc CMakeFiles/sokowirowka_st.dir/Drivers/STM32F4xx_HAL_Driver/Src/stm32f4xx_hal_cortex.c.obj
 .debug_info    0x00002ed9      0x8c4 CMakeFiles/sokowirowka_st.dir/Drivers/STM32F4xx_HAL_Driver/Src/stm32f4xx_hal.c.obj
 .debug_info    0x0000379d      0x53e CMakeFiles/sokowirowka_st.dir/Core/Src/system_stm32f4xx.c.obj
 .debug_info    0x00003cdb       0x30 CMakeFiles/sokowirowka_st.dir/startup_stm32f411xe.s.obj
 .debug_info    0x00003d0b       0x24 /usr/lib/gcc/arm-none-eabi/14.2.0/thumb/v7e-m+fp/hard/libgcc.a(_aeabi_uldivmod.o)
 .debug_info    0x00003d2f      0x703 /usr/lib/gcc/arm-none-eabi/14.2.0/thumb/v7e-m+fp/hard/libgcc.a(_udivmoddi4.o)
 .debug_info    0x00004432       0x3c /usr/lib/gcc/arm-none-eabi/14.2.0/thumb/v7e-m+fp/hard/libgcc.a(_dvmd_tls.o)

.debug_abbrev   0x00000000     0x1360
 .debug_abbrev  0x00000000       0x9e /usr/lib/gcc/arm-none-eabi/14.2.0/../../../../arm-none-eabi/lib/thumb/v7e-m+fp/hard/libc_nano.a(libc_a-memset.o)
 .debug_abbrev  0x0000009e       0xc9 /usr/lib/gcc/arm-none-eabi/14.2.0/../../../../arm-none-eabi/lib/thumb/v7e-m+fp/hard/libc_nano.a(libc_a-init.o)
 .debug_abbrev  0x00000167      0x23b CMakeFiles/sokowirowka_st.dir/Core/Src/main.c.obj
 .debug_abbrev  0x000003a2      0x173 CMakeFiles/sokowirowka_st.dir/Core/Src/gpio.c.obj
 .debug_abbrev  0x00000515       0xa0 CMakeFiles/sokowirowka_st.dir/Core/Src/stm32f4xx_it.c.obj
 .debug_abbrev  0x000005b5       0xd8 CMakeFiles/sokowirowka_st.dir/Core/Src/stm32f4xx_hal_msp.c.obj
 .debug_abbrev  0x0000068d      0x2b6 CMakeFiles/sokowirowka_st.dir/Drivers/STM32F4xx_HAL_Driver/Src/stm32f4xx_hal_rcc.c.obj
 .debug_abbrev  0x00000943      0x1d3 CMakeFiles/sokowirowka_st.dir/Drivers/STM32F4xx_HAL_Driver/Src/stm32f4xx_hal_gpio.c.obj
 .debug_abbrev  0x00000b16      0x31d CMakeFiles/sokowirowka_st.dir/Drivers/STM32F4xx_HAL_Driver/Src/stm32f4xx_hal_cortex.c.obj
 .debug_abbrev  0x00000e33      0x24b CMakeFiles/sokowirowka_st.dir/Drivers/STM32F4xx_HAL_Driver/Src/stm32f4xx_hal.c.obj
 .debug_abbrev  0x0000107e      0x11a CMakeFiles/sokowirowka_st.dir/Core/Src/system_stm32f4xx.c.obj
 .debug_abbrev  0x00001198       0x24 CMakeFiles/sokowirowka_st.dir/startup_stm32f411xe.s.obj
 .debug_abbrev  0x000011bc       0x14 /usr/lib/gcc/arm-none-eabi/14.2.0/thumb/v7e-m+fp/hard/libgcc.a(_aeabi_uldivmod.o)
 .debug_abbrev  0x000011d0      0x16a /usr/lib/gcc/arm-none-eabi/14.2.0/thumb/v7e-m+fp/hard/libgcc.a(_udivmoddi4.o)
 .debug_abbrev  0x0000133a       0x26 /usr/lib/gcc/arm-none-eabi/14.2.0/thumb/v7e-m+fp/hard/libgcc.a(_dvmd_tls.o)

.debug_loclists
                0x00000000      0xa25
 .debug_loclists
                0x00000000       0x4d /usr/lib/gcc/arm-none-eabi/14.2.0/../../../../arm-none-eabi/lib/thumb/v7e-m+fp/hard/libc_nano.a(libc_a-memset.o)
 .debug_loclists
                0x0000004d       0x54 /usr/lib/gcc/arm-none-eabi/14.2.0/../../../../arm-none-eabi/lib/thumb/v7e-m+fp/hard/libc_nano.a(libc_a-init.o)
 .debug_loclists
                0x000000a1      0x984 /usr/lib/gcc/arm-none-eabi/14.2.0/thumb/v7e-m+fp/hard/libgcc.a(_udivmoddi4.o)

.debug_aranges  0x00000000      0x4d0
 .debug_aranges
                0x00000000       0x20 /usr/lib/gcc/arm-none-eabi/14.2.0/../../../../arm-none-eabi/lib/thumb/v7e-m+fp/hard/libc_nano.a(libc_a-memset.o)
 .debug_aranges
                0x00000020       0x20 /usr/lib/gcc/arm-none-eabi/14.2.0/../../../../arm-none-eabi/lib/thumb/v7e-m+fp/hard/libc_nano.a(libc_a-init.o)
 .debug_aranges
                0x00000040       0x38 CMakeFiles/sokowirowka_st.dir/Core/Src/main.c.obj
 .debug_aranges
                0x00000078       0x20 CMakeFiles/sokowirowka_st.dir/Core/Src/gpio.c.obj
 .debug_aranges
                0x00000098       0x68 CMakeFiles/sokowirowka_st.dir/Core/Src/stm32f4xx_it.c.obj
 .debug_aranges
                0x00000100       0x20 CMakeFiles/sokowirowka_st.dir/Core/Src/stm32f4xx_hal_msp.c.obj
 .debug_aranges
                0x00000120       0x88 CMakeFiles/sokowirowka_st.dir/Drivers/STM32F4xx_HAL_Driver/Src/stm32f4xx_hal_rcc.c.obj
 .debug_aranges
                0x000001a8       0x58 CMakeFiles/sokowirowka_st.dir/Drivers/STM32F4xx_HAL_Driver/Src/stm32f4xx_hal_gpio.c.obj
 .debug_aranges
                0x00000200      0x130 CMakeFiles/sokowirowka_st.dir/Drivers/STM32F4xx_HAL_Driver/Src/stm32f4xx_hal_cortex.c.obj
 .debug_aranges
                0x00000330       0xf0 CMakeFiles/sokowirowka_st.dir/Drivers/STM32F4xx_HAL_Driver/Src/stm32f4xx_hal.c.obj
 .debug_aranges
                0x00000420       0x28 CMakeFiles/sokowirowka_st.dir/Core/Src/system_stm32f4xx.c.obj
 .debug_aranges
                0x00000448       0x28 CMakeFiles/sokowirowka_st.dir/startup_stm32f411xe.s.obj
 .debug_aranges
                0x00000470       0x20 /usr/lib/gcc/arm-none-eabi/14.2.0/thumb/v7e-m+fp/hard/libgcc.a(_aeabi_uldivmod.o)
 .debug_aranges
                0x00000490       0x20 /usr/lib/gcc/arm-none-eabi/14.2.0/thumb/v7e-m+fp/hard/libgcc.a(_udivmoddi4.o)
 .debug_aranges
                0x000004b0       0x20 /usr/lib/gcc/arm-none-eabi/14.2.0/thumb/v7e-m+fp/hard/libgcc.a(_dvmd_tls.o)

.debug_rnglists
                0x00000000      0x3a2
 .debug_rnglists
                0x00000000       0x13 /usr/lib/gcc/arm-none-eabi/14.2.0/../../../../arm-none-eabi/lib/thumb/v7e-m+fp/hard/libc_nano.a(libc_a-memset.o)
 .debug_rnglists
                0x00000013       0x13 /usr/lib/gcc/arm-none-eabi/14.2.0/../../../../arm-none-eabi/lib/thumb/v7e-m+fp/hard/libc_nano.a(libc_a-init.o)
 .debug_rnglists
                0x00000026       0x32 CMakeFiles/sokowirowka_st.dir/Core/Src/main.c.obj
 .debug_rnglists
                0x00000058       0x14 CMakeFiles/sokowirowka_st.dir/Core/Src/gpio.c.obj
 .debug_rnglists
                0x0000006c       0x49 CMakeFiles/sokowirowka_st.dir/Core/Src/stm32f4xx_it.c.obj
 .debug_rnglists
                0x000000b5       0x13 CMakeFiles/sokowirowka_st.dir/Core/Src/stm32f4xx_hal_msp.c.obj
 .debug_rnglists
                0x000000c8       0x66 CMakeFiles/sokowirowka_st.dir/Drivers/STM32F4xx_HAL_Driver/Src/stm32f4xx_hal_rcc.c.obj
 .debug_rnglists
                0x0000012e       0x3f CMakeFiles/sokowirowka_st.dir/Drivers/STM32F4xx_HAL_Driver/Src/stm32f4xx_hal_gpio.c.obj
 .debug_rnglists
                0x0000016d       0xe0 CMakeFiles/sokowirowka_st.dir/Drivers/STM32F4xx_HAL_Driver/Src/stm32f4xx_hal_cortex.c.obj
 .debug_rnglists
                0x0000024d       0xaf CMakeFiles/sokowirowka_st.dir/Drivers/STM32F4xx_HAL_Driver/Src/stm32f4xx_hal.c.obj
 .debug_rnglists
                0x000002fc       0x1a CMakeFiles/sokowirowka_st.dir/Core/Src/system_stm32f4xx.c.obj
 .debug_rnglists
                0x00000316       0x19 CMakeFiles/sokowirowka_st.dir/startup_stm32f411xe.s.obj
 .debug_rnglists
                0x0000032f       0x73 /usr/lib/gcc/arm-none-eabi/14.2.0/thumb/v7e-m+fp/hard/libgcc.a(_udivmoddi4.o)

.debug_line     0x00000000     0x5136
 .debug_line    0x00000000      0x123 /usr/lib/gcc/arm-none-eabi/14.2.0/../../../../arm-none-eabi/lib/thumb/v7e-m+fp/hard/libc_nano.a(libc_a-memset.o)
 .debug_line    0x00000123      0x115 /usr/lib/gcc/arm-none-eabi/14.2.0/../../../../arm-none-eabi/lib/thumb/v7e-m+fp/hard/libc_nano.a(libc_a-init.o)
 .debug_line    0x00000238      0x68c CMakeFiles/sokowirowka_st.dir/Core/Src/main.c.obj
 .debug_line    0x000008c4      0x5bc CMakeFiles/sokowirowka_st.dir/Core/Src/gpio.c.obj
 .debug_line    0x00000e80      0x669 CMakeFiles/sokowirowka_st.dir/Core/Src/stm32f4xx_it.c.obj
 .debug_line    0x000014e9      0x5a2 CMakeFiles/sokowirowka_st.dir/Core/Src/stm32f4xx_hal_msp.c.obj
 .debug_line    0x00001a8b      0xca1 CMakeFiles/sokowirowka_st.dir/Drivers/STM32F4xx_HAL_Driver/Src/stm32f4xx_hal_rcc.c.obj
 .debug_line    0x0000272c      0x9b0 CMakeFiles/sokowirowka_st.dir/Drivers/STM32F4xx_HAL_Driver/Src/stm32f4xx_hal_gpio.c.obj
 .debug_line    0x000030dc      0xb64 CMakeFiles/sokowirowka_st.dir/Drivers/STM32F4xx_HAL_Driver/Src/stm32f4xx_hal_cortex.c.obj
 .debug_line    0x00003c40      0x894 CMakeFiles/sokowirowka_st.dir/Drivers/STM32F4xx_HAL_Driver/Src/stm32f4xx_hal.c.obj
 .debug_line    0x000044d4      0x618 CMakeFiles/sokowirowka_st.dir/Core/Src/system_stm32f4xx.c.obj
 .debug_line    0x00004aec       0x7a CMakeFiles/sokowirowka_st.dir/startup_stm32f411xe.s.obj
 .debug_line    0x00004b66       0x4e /usr/lib/gcc/arm-none-eabi/14.2.0/thumb/v7e-m+fp/hard/libgcc.a(_aeabi_uldivmod.o)
 .debug_line    0x00004bb4      0x538 /usr/lib/gcc/arm-none-eabi/14.2.0/thumb/v7e-m+fp/hard/libgcc.a(_udivmoddi4.o)
 .debug_line    0x000050ec       0x4a /usr/lib/gcc/arm-none-eabi/14.2.0/thumb/v7e-m+fp/hard/libgcc.a(_dvmd_tls.o)

.debug_str      0x00000000    0x80022
 .debug_str     0x00000000    0x80022 /usr/lib/gcc/arm-none-eabi/14.2.0/../../../../arm-none-eabi/lib/thumb/v7e-m+fp/hard/libc_nano.a(libc_a-memset.o)
                                0x1bf (size before relaxing)
 .debug_str     0x00080022      0x220 /usr/lib/gcc/arm-none-eabi/14.2.0/../../../../arm-none-eabi/lib/thumb/v7e-m+fp/hard/libc_nano.a(libc_a-init.o)
 .debug_str     0x00080022    0x7e605 CMakeFiles/sokowirowka_st.dir/Core/Src/main.c.obj
 .debug_str     0x00080022    0x7e78d CMakeFiles/sokowirowka_st.dir/Core/Src/gpio.c.obj
 .debug_str     0x00080022    0x7e2ae CMakeFiles/sokowirowka_st.dir/Core/Src/stm32f4xx_it.c.obj
 .debug_str     0x00080022    0x7e2fa CMakeFiles/sokowirowka_st.dir/Core/Src/stm32f4xx_hal_msp.c.obj
 .debug_str     0x00080022    0x7e768 CMakeFiles/sokowirowka_st.dir/Drivers/STM32F4xx_HAL_Driver/Src/stm32f4xx_hal_rcc.c.obj
 .debug_str     0x00080022    0x7e4af CMakeFiles/sokowirowka_st.dir/Drivers/STM32F4xx_HAL_Driver/Src/stm32f4xx_hal_gpio.c.obj
 .debug_str     0x00080022    0x7eaca CMakeFiles/sokowirowka_st.dir/Drivers/STM32F4xx_HAL_Driver/Src/stm32f4xx_hal_cortex.c.obj
 .debug_str     0x00080022    0x7ed60 CMakeFiles/sokowirowka_st.dir/Drivers/STM32F4xx_HAL_Driver/Src/stm32f4xx_hal.c.obj
 .debug_str     0x00080022    0x7e334 CMakeFiles/sokowirowka_st.dir/Core/Src/system_stm32f4xx.c.obj
 .debug_str     0x00080022       0x96 CMakeFiles/sokowirowka_st.dir/startup_stm32f411xe.s.obj
 .debug_str     0x00080022       0x80 /usr/lib/gcc/arm-none-eabi/14.2.0/thumb/v7e-m+fp/hard/libgcc.a(_aeabi_uldivmod.o)
 .debug_str     0x00080022      0x698 /usr/lib/gcc/arm-none-eabi/14.2.0/thumb/v7e-m+fp/hard/libgcc.a(_udivmoddi4.o)
 .debug_str     0x00080022       0xa0 /usr/lib/gcc/arm-none-eabi/14.2.0/thumb/v7e-m+fp/hard/libgcc.a(_dvmd_tls.o)

.debug_frame    0x00000000      0xed8
 .debug_frame   0x00000000       0x20 /usr/lib/gcc/arm-none-eabi/14.2.0/../../../../arm-none-eabi/lib/thumb/v7e-m+fp/hard/libc_nano.a(libc_a-memset.o)
 .debug_frame   0x00000020       0x2c /usr/lib/gcc/arm-none-eabi/14.2.0/../../../../arm-none-eabi/lib/thumb/v7e-m+fp/hard/libc_nano.a(libc_a-init.o)
 .debug_frame   0x0000004c       0x8c CMakeFiles/sokowirowka_st.dir/Core/Src/main.c.obj
 .debug_frame   0x000000d8       0x34 CMakeFiles/sokowirowka_st.dir/Core/Src/gpio.c.obj
 .debug_frame   0x0000010c      0x120 CMakeFiles/sokowirowka_st.dir/Core/Src/stm32f4xx_it.c.obj
 .debug_frame   0x0000022c       0x38 CMakeFiles/sokowirowka_st.dir/Core/Src/stm32f4xx_hal_msp.c.obj
 .debug_frame   0x00000264      0x1f4 CMakeFiles/sokowirowka_st.dir/Drivers/STM32F4xx_HAL_Driver/Src/stm32f4xx_hal_rcc.c.obj
 .debug_frame   0x00000458      0x14c CMakeFiles/sokowirowka_st.dir/Drivers/STM32F4xx_HAL_Driver/Src/stm32f4xx_hal_gpio.c.obj
 .debug_frame   0x000005a4      0x508 CMakeFiles/sokowirowka_st.dir/Drivers/STM32F4xx_HAL_Driver/Src/stm32f4xx_hal_cortex.c.obj
 .debug_frame   0x00000aac      0x374 CMakeFiles/sokowirowka_st.dir/Drivers/STM32F4xx_HAL_Driver/Src/stm32f4xx_hal.c.obj
 .debug_frame   0x00000e20       0x58 CMakeFiles/sokowirowka_st.dir/Core/Src/system_stm32f4xx.c.obj
 .debug_frame   0x00000e78       0x2c /usr/lib/gcc/arm-none-eabi/14.2.0/thumb/v7e-m+fp/hard/libgcc.a(_aeabi_uldivmod.o)
 .debug_frame   0x00000ea4       0x34 /usr/lib/gcc/arm-none-eabi/14.2.0/thumb/v7e-m+fp/hard/libgcc.a(_udivmoddi4.o)

.debug_macro    0x00000000    0x145e6
 .debug_macro   0x00000000      0x1dc CMakeFiles/sokowirowka_st.dir/Core/Src/main.c.obj
 .debug_macro   0x000001dc      0xad8 CMakeFiles/sokowirowka_st.dir/Core/Src/main.c.obj
 .debug_macro   0x00000cb4      0x28f CMakeFiles/sokowirowka_st.dir/Core/Src/main.c.obj
 .debug_macro   0x00000f43       0x2e CMakeFiles/sokowirowka_st.dir/Core/Src/main.c.obj
 .debug_macro   0x00000f71       0x28 CMakeFiles/sokowirowka_st.dir/Core/Src/main.c.obj
 .debug_macro   0x00000f99       0x22 CMakeFiles/sokowirowka_st.dir/Core/Src/main.c.obj
 .debug_macro   0x00000fbb       0x8e CMakeFiles/sokowirowka_st.dir/Core/Src/main.c.obj
 .debug_macro   0x00001049       0x51 CMakeFiles/sokowirowka_st.dir/Core/Src/main.c.obj
 .debug_macro   0x0000109a      0x103 CMakeFiles/sokowirowka_st.dir/Core/Src/main.c.obj
 .debug_macro   0x0000119d       0x6a CMakeFiles/sokowirowka_st.dir/Core/Src/main.c.obj
 .debug_macro   0x00001207      0x1df CMakeFiles/sokowirowka_st.dir/Core/Src/main.c.obj
 .debug_macro   0x000013e6       0x1c CMakeFiles/sokowirowka_st.dir/Core/Src/main.c.obj
 .debug_macro   0x00001402       0x22 CMakeFiles/sokowirowka_st.dir/Core/Src/main.c.obj
 .debug_macro   0x00001424       0xfb CMakeFiles/sokowirowka_st.dir/Core/Src/main.c.obj
 .debug_macro   0x0000151f     0x1011 CMakeFiles/sokowirowka_st.dir/Core/Src/main.c.obj
 .debug_macro   0x00002530      0x11f CMakeFiles/sokowirowka_st.dir/Core/Src/main.c.obj
 .debug_macro   0x0000264f     0xb968 CMakeFiles/sokowirowka_st.dir/Core/Src/main.c.obj
 .debug_macro   0x0000dfb7       0x6d CMakeFiles/sokowirowka_st.dir/Core/Src/main.c.obj
 .debug_macro   0x0000e024     0x3693 CMakeFiles/sokowirowka_st.dir/Core/Src/main.c.obj
 .debug_macro   0x000116b7      0x190 CMakeFiles/sokowirowka_st.dir/Core/Src/main.c.obj
 .debug_macro   0x00011847       0x5c CMakeFiles/sokowirowka_st.dir/Core/Src/main.c.obj
 .debug_macro   0x000118a3      0x45c CMakeFiles/sokowirowka_st.dir/Core/Src/main.c.obj
 .debug_macro   0x00011cff      0x9e9 CMakeFiles/sokowirowka_st.dir/Core/Src/main.c.obj
 .debug_macro   0x000126e8      0x115 CMakeFiles/sokowirowka_st.dir/Core/Src/main.c.obj
 .debug_macro   0x000127fd      0x11b CMakeFiles/sokowirowka_st.dir/Core/Src/main.c.obj
 .debug_macro   0x00012918       0xa5 CMakeFiles/sokowirowka_st.dir/Core/Src/main.c.obj
 .debug_macro   0x000129bd      0x15f CMakeFiles/sokowirowka_st.dir/Core/Src/main.c.obj
 .debug_macro   0x00012b1c      0x287 CMakeFiles/sokowirowka_st.dir/Core/Src/main.c.obj
 .debug_macro   0x00012da3       0x5f CMakeFiles/sokowirowka_st.dir/Core/Src/main.c.obj
 .debug_macro   0x00012e02      0x236 CMakeFiles/sokowirowka_st.dir/Core/Src/main.c.obj
 .debug_macro   0x00013038      0x132 CMakeFiles/sokowirowka_st.dir/Core/Src/main.c.obj
 .debug_macro   0x0001316a      0x264 CMakeFiles/sokowirowka_st.dir/Core/Src/main.c.obj
 .debug_macro   0x000133ce       0x2e CMakeFiles/sokowirowka_st.dir/Core/Src/main.c.obj
 .debug_macro   0x000133fc      0x127 CMakeFiles/sokowirowka_st.dir/Core/Src/main.c.obj
 .debug_macro   0x00013523       0x85 CMakeFiles/sokowirowka_st.dir/Core/Src/main.c.obj
 .debug_macro   0x000135a8       0x89 CMakeFiles/sokowirowka_st.dir/Core/Src/main.c.obj
 .debug_macro   0x00013631      0x126 CMakeFiles/sokowirowka_st.dir/Core/Src/main.c.obj
 .debug_macro   0x00013757       0x22 CMakeFiles/sokowirowka_st.dir/Core/Src/main.c.obj
 .debug_macro   0x00013779       0x22 CMakeFiles/sokowirowka_st.dir/Core/Src/main.c.obj
 .debug_macro   0x0001379b      0x1c9 CMakeFiles/sokowirowka_st.dir/Core/Src/gpio.c.obj
 .debug_macro   0x00013964      0x1c9 CMakeFiles/sokowirowka_st.dir/Core/Src/stm32f4xx_it.c.obj
 .debug_macro   0x00013b2d      0x1bf CMakeFiles/sokowirowka_st.dir/Core/Src/stm32f4xx_hal_msp.c.obj
 .debug_macro   0x00013cec      0x1d4 CMakeFiles/sokowirowka_st.dir/Drivers/STM32F4xx_HAL_Driver/Src/stm32f4xx_hal_rcc.c.obj
 .debug_macro   0x00013ec0      0x1b6 CMakeFiles/sokowirowka_st.dir/Drivers/STM32F4xx_HAL_Driver/Src/stm32f4xx_hal_gpio.c.obj
 .debug_macro   0x00014076      0x1b0 CMakeFiles/sokowirowka_st.dir/Drivers/STM32F4xx_HAL_Driver/Src/stm32f4xx_hal_cortex.c.obj
 .debug_macro   0x00014226      0x210 CMakeFiles/sokowirowka_st.dir/Drivers/STM32F4xx_HAL_Driver/Src/stm32f4xx_hal.c.obj
 .debug_macro   0x00014436      0x1b0 CMakeFiles/sokowirowka_st.dir/Core/Src/system_stm32f4xx.c.obj

.debug_line_str
                0x00000000       0xfc
 .debug_line_str
                0x00000000       0xfc CMakeFiles/sokowirowka_st.dir/startup_stm32f411xe.s.obj
                                 0x7c (size before relaxing)
 .debug_line_str
                0x000000fc       0x74 /usr/lib/gcc/arm-none-eabi/14.2.0/thumb/v7e-m+fp/hard/libgcc.a(_aeabi_uldivmod.o)
 .debug_line_str
                0x000000fc       0x78 /usr/lib/gcc/arm-none-eabi/14.2.0/thumb/v7e-m+fp/hard/libgcc.a(_dvmd_tls.o)
